// Jest Snapshot v1, https://goo.gl/fbAQLP

exports[`Compiler can compile a contract 1`] = `
Object {
  "SimpleStorage": Object {
    "abi": Array [
      Object {
        "constant": false,
        "inputs": Array [
          Object {
            "name": "x",
            "type": "uint256",
          },
        ],
        "name": "set",
        "outputs": Array [],
        "payable": false,
        "stateMutability": "nonpayable",
        "type": "function",
      },
      Object {
        "constant": true,
        "inputs": Array [],
        "name": "get",
        "outputs": Array [
          Object {
            "name": "data",
            "type": "uint256",
          },
        ],
        "payable": false,
        "stateMutability": "view",
        "type": "function",
      },
    ],
    "data": "6060604052341561000f57600080fd5b60d38061001d6000396000f3006060604052600436106049576000357c0100000000000000000000000000000000000000000000000000000000900463ffffffff16806360fe47b114604e5780636d4ce63c14606e575b600080fd5b3415605857600080fd5b606c60048080359060200190919050506094565b005b3415607857600080fd5b607e609e565b6040518082815260200191505060405180910390f35b8060008190555050565b600080549050905600a165627a7a72305820f0068ea1af1fabd58edb821abc1183d43f9240415419f0aa870c1976526967b90029",
    "gasEstimates": Object {
      "creation": Array [
        88,
        42200,
      ],
      "external": Object {
        "get()": 416,
        "set(uint256)": 20178,
      },
      "internal": Object {},
    },
  },
}
`;

exports[`Compiler can compile a contract with deep imports 1`] = `
Object {
  "Branch": Object {
    "abi": Array [],
    "data": "60606040523415600e57600080fd5b603580601b6000396000f3006060604052600080fd00a165627a7a72305820c709bef01c35ad57384eb838c2d560c3f7dde3892fedb363689838b79b20ebe60029",
    "gasEstimates": Object {
      "creation": Array [
        61,
        10600,
      ],
      "external": Object {},
      "internal": Object {},
    },
  },
  "Leaf": Object {
    "abi": Array [],
    "data": "60606040523415600e57600080fd5b603580601b6000396000f3006060604052600080fd00a165627a7a72305820812fb217a331c43f11b828019eb2a70174a4918801c070921a68911eb6e187510029",
    "gasEstimates": Object {
      "creation": Array [
        61,
        10600,
      ],
      "external": Object {},
      "internal": Object {},
    },
  },
}
`;

exports[`Compiler can compile a contract with imports 1`] = `
Object {
  "ExchangeOffice": Object {
    "abi": Array [
      Object {
        "constant": true,
        "inputs": Array [
          Object {
            "name": "",
            "type": "address",
          },
        ],
        "name": "owners",
        "outputs": Array [
          Object {
            "name": "",
            "type": "bool",
          },
        ],
        "payable": false,
        "stateMutability": "view",
        "type": "function",
      },
      Object {
        "constant": false,
        "inputs": Array [
          Object {
            "name": "ownerToRemove",
            "type": "address",
          },
        ],
        "name": "removeOwner",
        "outputs": Array [],
        "payable": false,
        "stateMutability": "nonpayable",
        "type": "function",
      },
      Object {
        "constant": true,
        "inputs": Array [],
        "name": "exchangeRate",
        "outputs": Array [
          Object {
            "name": "",
            "type": "uint256",
          },
        ],
        "payable": false,
        "stateMutability": "view",
        "type": "function",
      },
      Object {
        "constant": false,
        "inputs": Array [
          Object {
            "name": "depositAddress",
            "type": "address",
          },
        ],
        "name": "depositTokens",
        "outputs": Array [],
        "payable": false,
        "stateMutability": "nonpayable",
        "type": "function",
      },
      Object {
        "constant": false,
        "inputs": Array [
          Object {
            "name": "ownerToAdd",
            "type": "address",
          },
        ],
        "name": "addOwner",
        "outputs": Array [],
        "payable": false,
        "stateMutability": "nonpayable",
        "type": "function",
      },
      Object {
        "constant": true,
        "inputs": Array [],
        "name": "exchangeToken",
        "outputs": Array [
          Object {
            "name": "",
            "type": "address",
          },
        ],
        "payable": false,
        "stateMutability": "view",
        "type": "function",
      },
      Object {
        "constant": false,
        "inputs": Array [
          Object {
            "name": "_exchangeRate",
            "type": "uint256",
          },
        ],
        "name": "updateExchangeRate",
        "outputs": Array [
          Object {
            "name": "success",
            "type": "bool",
          },
        ],
        "payable": false,
        "stateMutability": "nonpayable",
        "type": "function",
      },
      Object {
        "constant": false,
        "inputs": Array [
          Object {
            "name": "depositAddress",
            "type": "address",
          },
        ],
        "name": "depositEthers",
        "outputs": Array [],
        "payable": false,
        "stateMutability": "nonpayable",
        "type": "function",
      },
      Object {
        "inputs": Array [
          Object {
            "name": "initialExchangeRate",
            "type": "uint256",
          },
          Object {
            "name": "addressOfExchangeToken",
            "type": "address",
          },
        ],
        "payable": false,
        "stateMutability": "nonpayable",
        "type": "constructor",
      },
      Object {
        "payable": true,
        "stateMutability": "payable",
        "type": "fallback",
      },
    ],
    "data": "6060604052341561000f57600080fd5b60405160408061096a8339810160405280805190602001909190805190602001909190505060016000803373ffffffffffffffffffffffffffffffffffffffff1673ffffffffffffffffffffffffffffffffffffffff16815260200190815260200160002060006101000a81548160ff0219169083151502179055508160018190555080600260006101000a81548173ffffffffffffffffffffffffffffffffffffffff021916908373ffffffffffffffffffffffffffffffffffffffff1602179055505050610886806100e46000396000f30060606040526004361061008e576000357c0100000000000000000000000000000000000000000000000000000000900463ffffffff168063022914a714610181578063173825d9146101d25780633ba0b9a91461020b57806356bccf91146102345780637065cb481461026d578063a25eb5d9146102a6578063b9e205ae146102fb578063cc64e2d514610336575b6000670de0b6b3a764000034600154028115156100a757fe5b049050600260009054906101000a900473ffffffffffffffffffffffffffffffffffffffff1673ffffffffffffffffffffffffffffffffffffffff1663a9059cbb33836040518363ffffffff167c0100000000000000000000000000000000000000000000000000000000028152600401808373ffffffffffffffffffffffffffffffffffffffff1673ffffffffffffffffffffffffffffffffffffffff16815260200182815260200192505050600060405180830381600087803b151561016e57600080fd5b5af1151561017b57600080fd5b50505050005b341561018c57600080fd5b6101b8600480803573ffffffffffffffffffffffffffffffffffffffff1690602001909190505061036f565b604051808215151515815260200191505060405180910390f35b34156101dd57600080fd5b610209600480803573ffffffffffffffffffffffffffffffffffffffff1690602001909190505061038f565b005b341561021657600080fd5b61021e610447565b6040518082815260200191505060405180910390f35b341561023f57600080fd5b61026b600480803573ffffffffffffffffffffffffffffffffffffffff1690602001909190505061044d565b005b341561027857600080fd5b6102a4600480803573ffffffffffffffffffffffffffffffffffffffff16906020019091905050610654565b005b34156102b157600080fd5b6102b961070c565b604051808273ffffffffffffffffffffffffffffffffffffffff1673ffffffffffffffffffffffffffffffffffffffff16815260200191505060405180910390f35b341561030657600080fd5b61031c6004808035906020019091905050610732565b604051808215151515815260200191505060405180910390f35b341561034157600080fd5b61036d600480803573ffffffffffffffffffffffffffffffffffffffff169060200190919050506107a2565b005b60006020528060005260406000206000915054906101000a900460ff1681565b600115156000803373ffffffffffffffffffffffffffffffffffffffff1673ffffffffffffffffffffffffffffffffffffffff16815260200190815260200160002060009054906101000a900460ff1615151415156103ed57600080fd5b60008060008373ffffffffffffffffffffffffffffffffffffffff1673ffffffffffffffffffffffffffffffffffffffff16815260200190815260200160002060006101000a81548160ff02191690831515021790555050565b60015481565b600115156000803373ffffffffffffffffffffffffffffffffffffffff1673ffffffffffffffffffffffffffffffffffffffff16815260200190815260200160002060009054906101000a900460ff1615151415156104ab57600080fd5b600260009054906101000a900473ffffffffffffffffffffffffffffffffffffffff1673ffffffffffffffffffffffffffffffffffffffff1663a9059cbb82600260009054906101000a900473ffffffffffffffffffffffffffffffffffffffff1673ffffffffffffffffffffffffffffffffffffffff166370a08231306040518263ffffffff167c0100000000000000000000000000000000000000000000000000000000028152600401808273ffffffffffffffffffffffffffffffffffffffff1673ffffffffffffffffffffffffffffffffffffffff168152602001915050602060405180830381600087803b15156105a657600080fd5b5af115156105b357600080fd5b505050604051805190506040518363ffffffff167c0100000000000000000000000000000000000000000000000000000000028152600401808373ffffffffffffffffffffffffffffffffffffffff1673ffffffffffffffffffffffffffffffffffffffff16815260200182815260200192505050600060405180830381600087803b151561064157600080fd5b5af1151561064e57600080fd5b50505050565b600115156000803373ffffffffffffffffffffffffffffffffffffffff1673ffffffffffffffffffffffffffffffffffffffff16815260200190815260200160002060009054906101000a900460ff1615151415156106b257600080fd5b60016000808373ffffffffffffffffffffffffffffffffffffffff1673ffffffffffffffffffffffffffffffffffffffff16815260200190815260200160002060006101000a81548160ff02191690831515021790555050565b600260009054906101000a900473ffffffffffffffffffffffffffffffffffffffff1681565b6000600115156000803373ffffffffffffffffffffffffffffffffffffffff1673ffffffffffffffffffffffffffffffffffffffff16815260200190815260200160002060009054906101000a900460ff16151514151561079257600080fd5b8160018190555060019050919050565b600115156000803373ffffffffffffffffffffffffffffffffffffffff1673ffffffffffffffffffffffffffffffffffffffff16815260200190815260200160002060009054906101000a900460ff16151514151561080057600080fd5b8073ffffffffffffffffffffffffffffffffffffffff166108fc3073ffffffffffffffffffffffffffffffffffffffff16319081150290604051600060405180830381858888f19350505050151561085757600080fd5b505600a165627a7a723058201a5994eb6fa2fe09c98517ec8027be33315e76b4ddeaa8438305aa345b09bff90029",
    "gasEstimates": Object {
      "creation": Array [
        61204,
        436400,
      ],
      "external": Object {
        "": null,
        "addOwner(address)": null,
        "depositEthers(address)": null,
        "depositTokens(address)": null,
        "exchangeRate()": null,
        "exchangeToken()": null,
        "owners(address)": null,
        "removeOwner(address)": null,
        "updateExchangeRate(uint256)": null,
      },
      "internal": Object {},
    },
  },
  "HandsOnToken": Object {
    "abi": Array [
      Object {
        "constant": true,
        "inputs": Array [
          Object {
            "name": "",
            "type": "address",
          },
        ],
        "name": "owners",
        "outputs": Array [
          Object {
            "name": "",
            "type": "bool",
          },
        ],
        "payable": false,
        "stateMutability": "view",
        "type": "function",
      },
      Object {
        "constant": true,
        "inputs": Array [],
        "name": "name",
        "outputs": Array [
          Object {
            "name": "",
            "type": "string",
          },
        ],
        "payable": false,
        "stateMutability": "view",
        "type": "function",
      },
      Object {
        "constant": false,
        "inputs": Array [
          Object {
            "name": "_spender",
            "type": "address",
          },
          Object {
            "name": "_value",
            "type": "uint256",
          },
        ],
        "name": "approve",
        "outputs": Array [
          Object {
            "name": "success",
            "type": "bool",
          },
        ],
        "payable": false,
        "stateMutability": "nonpayable",
        "type": "function",
      },
      Object {
        "constant": false,
        "inputs": Array [
          Object {
            "name": "ownerToRemove",
            "type": "address",
          },
        ],
        "name": "removeOwner",
        "outputs": Array [],
        "payable": false,
        "stateMutability": "nonpayable",
        "type": "function",
      },
      Object {
        "constant": true,
        "inputs": Array [],
        "name": "totalSupply",
        "outputs": Array [
          Object {
            "name": "",
            "type": "uint256",
          },
        ],
        "payable": false,
        "stateMutability": "view",
        "type": "function",
      },
      Object {
        "constant": false,
        "inputs": Array [
          Object {
            "name": "_from",
            "type": "address",
          },
          Object {
            "name": "_to",
            "type": "address",
          },
          Object {
            "name": "_value",
            "type": "uint256",
          },
        ],
        "name": "transferFrom",
        "outputs": Array [
          Object {
            "name": "success",
            "type": "bool",
          },
        ],
        "payable": false,
        "stateMutability": "nonpayable",
        "type": "function",
      },
      Object {
        "constant": true,
        "inputs": Array [],
        "name": "decimals",
        "outputs": Array [
          Object {
            "name": "",
            "type": "uint8",
          },
        ],
        "payable": false,
        "stateMutability": "view",
        "type": "function",
      },
      Object {
        "constant": false,
        "inputs": Array [
          Object {
            "name": "_value",
            "type": "uint256",
          },
        ],
        "name": "burn",
        "outputs": Array [
          Object {
            "name": "success",
            "type": "bool",
          },
        ],
        "payable": false,
        "stateMutability": "nonpayable",
        "type": "function",
      },
      Object {
        "constant": true,
        "inputs": Array [],
        "name": "standard",
        "outputs": Array [
          Object {
            "name": "",
            "type": "string",
          },
        ],
        "payable": false,
        "stateMutability": "view",
        "type": "function",
      },
      Object {
        "constant": false,
        "inputs": Array [
          Object {
            "name": "ownerToAdd",
            "type": "address",
          },
        ],
        "name": "addOwner",
        "outputs": Array [],
        "payable": false,
        "stateMutability": "nonpayable",
        "type": "function",
      },
      Object {
        "constant": true,
        "inputs": Array [
          Object {
            "name": "",
            "type": "address",
          },
        ],
        "name": "balanceOf",
        "outputs": Array [
          Object {
            "name": "",
            "type": "uint256",
          },
        ],
        "payable": false,
        "stateMutability": "view",
        "type": "function",
      },
      Object {
        "constant": false,
        "inputs": Array [
          Object {
            "name": "_from",
            "type": "address",
          },
          Object {
            "name": "_value",
            "type": "uint256",
          },
        ],
        "name": "burnFrom",
        "outputs": Array [
          Object {
            "name": "success",
            "type": "bool",
          },
        ],
        "payable": false,
        "stateMutability": "nonpayable",
        "type": "function",
      },
      Object {
        "constant": true,
        "inputs": Array [],
        "name": "symbol",
        "outputs": Array [
          Object {
            "name": "",
            "type": "string",
          },
        ],
        "payable": false,
        "stateMutability": "view",
        "type": "function",
      },
      Object {
        "constant": false,
        "inputs": Array [
          Object {
            "name": "_value",
            "type": "uint256",
          },
        ],
        "name": "mint",
        "outputs": Array [
          Object {
            "name": "success",
            "type": "bool",
          },
        ],
        "payable": false,
        "stateMutability": "nonpayable",
        "type": "function",
      },
      Object {
        "constant": false,
        "inputs": Array [
          Object {
            "name": "_to",
            "type": "address",
          },
          Object {
            "name": "_value",
            "type": "uint256",
          },
        ],
        "name": "transfer",
        "outputs": Array [],
        "payable": false,
        "stateMutability": "nonpayable",
        "type": "function",
      },
      Object {
        "constant": false,
        "inputs": Array [
          Object {
            "name": "_spender",
            "type": "address",
          },
          Object {
            "name": "_value",
            "type": "uint256",
          },
          Object {
            "name": "_extraData",
            "type": "bytes",
          },
        ],
        "name": "approveAndCall",
        "outputs": Array [
          Object {
            "name": "success",
            "type": "bool",
          },
        ],
        "payable": false,
        "stateMutability": "nonpayable",
        "type": "function",
      },
      Object {
        "constant": true,
        "inputs": Array [
          Object {
            "name": "",
            "type": "address",
          },
          Object {
            "name": "",
            "type": "address",
          },
        ],
        "name": "allowance",
        "outputs": Array [
          Object {
            "name": "",
            "type": "uint256",
          },
        ],
        "payable": false,
        "stateMutability": "view",
        "type": "function",
      },
      Object {
        "inputs": Array [
          Object {
            "name": "initialSupply",
            "type": "uint256",
          },
          Object {
            "name": "tokenName",
            "type": "string",
          },
          Object {
            "name": "decimalUnits",
            "type": "uint8",
          },
          Object {
            "name": "tokenSymbol",
            "type": "string",
          },
        ],
        "payable": false,
        "stateMutability": "nonpayable",
        "type": "constructor",
      },
      Object {
        "anonymous": false,
        "inputs": Array [
          Object {
            "indexed": true,
            "name": "from",
            "type": "address",
          },
          Object {
            "indexed": true,
            "name": "to",
            "type": "address",
          },
          Object {
            "indexed": false,
            "name": "value",
            "type": "uint256",
          },
        ],
        "name": "Transfer",
        "type": "event",
      },
      Object {
        "anonymous": false,
        "inputs": Array [
          Object {
            "indexed": true,
            "name": "from",
            "type": "address",
          },
          Object {
            "indexed": false,
            "name": "value",
            "type": "uint256",
          },
        ],
        "name": "Burn",
        "type": "event",
      },
    ],
    "data": "60606040526040805190810160405280600981526020017f546f6b656e20302e310000000000000000000000000000000000000000000000815250600190805190602001906200005192919062000198565b5034156200005e57600080fd5b604051620018bd380380620018bd8339810160405280805190602001909190805182019190602001805190602001909190805182019190505060016000803373ffffffffffffffffffffffffffffffffffffffff1673ffffffffffffffffffffffffffffffffffffffff16815260200190815260200160002060006101000a81548160ff0219169083151502179055508160ff16600a0a8402600660003373ffffffffffffffffffffffffffffffffffffffff1673ffffffffffffffffffffffffffffffffffffffff168152602001908152602001600020819055508360058190555082600290805190602001906200015992919062000198565b5080600390805190602001906200017292919062000198565b5081600460006101000a81548160ff021916908360ff1602179055505050505062000247565b828054600181600116156101000203166002900490600052602060002090601f016020900481019282601f10620001db57805160ff19168380011785556200020c565b828001600101855582156200020c579182015b828111156200020b578251825591602001919060010190620001ee565b5b5090506200021b91906200021f565b5090565b6200024491905b808211156200024057600081600090555060010162000226565b5090565b90565b61166680620002576000396000f3006060604052600436106100f1576000357c0100000000000000000000000000000000000000000000000000000000900463ffffffff168063022914a7146100f657806306fdde0314610147578063095ea7b3146101d5578063173825d91461022f57806318160ddd1461026857806323b872dd14610291578063313ce5671461030a57806342966c68146103395780635a3b7e42146103745780637065cb481461040257806370a082311461043b57806379cc67901461048857806395d89b41146104e2578063a0712d6814610570578063a9059cbb146105ab578063cae9ca51146105ed578063dd62ed3e1461068a575b600080fd5b341561010157600080fd5b61012d600480803573ffffffffffffffffffffffffffffffffffffffff169060200190919050506106f6565b604051808215151515815260200191505060405180910390f35b341561015257600080fd5b61015a610716565b6040518080602001828103825283818151815260200191508051906020019080838360005b8381101561019a57808201518184015260208101905061017f565b50505050905090810190601f1680156101c75780820380516001836020036101000a031916815260200191505b509250505060405180910390f35b34156101e057600080fd5b610215600480803573ffffffffffffffffffffffffffffffffffffffff169060200190919080359060200190919050506107b4565b604051808215151515815260200191505060405180910390f35b341561023a57600080fd5b610266600480803573ffffffffffffffffffffffffffffffffffffffff16906020019091905050610841565b005b341561027357600080fd5b61027b6108f9565b6040518082815260200191505060405180910390f35b341561029c57600080fd5b6102f0600480803573ffffffffffffffffffffffffffffffffffffffff1690602001909190803573ffffffffffffffffffffffffffffffffffffffff169060200190919080359060200190919050506108ff565b604051808215151515815260200191505060405180910390f35b341561031557600080fd5b61031d610c1a565b604051808260ff1660ff16815260200191505060405180910390f35b341561034457600080fd5b61035a6004808035906020019091905050610c2d565b604051808215151515815260200191505060405180910390f35b341561037f57600080fd5b610387610d2f565b6040518080602001828103825283818151815260200191508051906020019080838360005b838110156103c75780820151818401526020810190506103ac565b50505050905090810190601f1680156103f45780820380516001836020036101000a031916815260200191505b509250505060405180910390f35b341561040d57600080fd5b610439600480803573ffffffffffffffffffffffffffffffffffffffff16906020019091905050610dcd565b005b341561044657600080fd5b610472600480803573ffffffffffffffffffffffffffffffffffffffff16906020019091905050610e85565b6040518082815260200191505060405180910390f35b341561049357600080fd5b6104c8600480803573ffffffffffffffffffffffffffffffffffffffff16906020019091908035906020019091905050610e9d565b604051808215151515815260200191505060405180910390f35b34156104ed57600080fd5b6104f5611029565b6040518080602001828103825283818151815260200191508051906020019080838360005b8381101561053557808201518184015260208101905061051a565b50505050905090810190601f1680156105625780820380516001836020036101000a031916815260200191505b509250505060405180910390f35b341561057b57600080fd5b61059160048080359060200190919050506110c7565b604051808215151515815260200191505060405180910390f35b34156105b657600080fd5b6105eb600480803573ffffffffffffffffffffffffffffffffffffffff1690602001909190803590602001909190505061129b565b005b34156105f857600080fd5b610670600480803573ffffffffffffffffffffffffffffffffffffffff1690602001909190803590602001909190803590602001908201803590602001908080601f0160208091040260200160405190810160405280939291908181526020018383808284378201915050505050509190505061149b565b604051808215151515815260200191505060405180910390f35b341561069557600080fd5b6106e0600480803573ffffffffffffffffffffffffffffffffffffffff1690602001909190803573ffffffffffffffffffffffffffffffffffffffff16906020019091905050611615565b6040518082815260200191505060405180910390f35b60006020528060005260406000206000915054906101000a900460ff1681565b60028054600181600116156101000203166002900480601f0160208091040260200160405190810160405280929190818152602001828054600181600116156101000203166002900480156107ac5780601f10610781576101008083540402835291602001916107ac565b820191906000526020600020905b81548152906001019060200180831161078f57829003601f168201915b505050505081565b600081600760003373ffffffffffffffffffffffffffffffffffffffff1673ffffffffffffffffffffffffffffffffffffffff16815260200190815260200160002060008573ffffffffffffffffffffffffffffffffffffffff1673ffffffffffffffffffffffffffffffffffffffff168152602001908152602001600020819055506001905092915050565b600115156000803373ffffffffffffffffffffffffffffffffffffffff1673ffffffffffffffffffffffffffffffffffffffff16815260200190815260200160002060009054906101000a900460ff16151514151561089f57600080fd5b60008060008373ffffffffffffffffffffffffffffffffffffffff1673ffffffffffffffffffffffffffffffffffffffff16815260200190815260200160002060006101000a81548160ff02191690831515021790555050565b60055481565b6000808373ffffffffffffffffffffffffffffffffffffffff16141561092457600080fd5b81600660008673ffffffffffffffffffffffffffffffffffffffff1673ffffffffffffffffffffffffffffffffffffffff16815260200190815260200160002054101561097057600080fd5b600660008473ffffffffffffffffffffffffffffffffffffffff1673ffffffffffffffffffffffffffffffffffffffff1681526020019081526020016000205482600660008673ffffffffffffffffffffffffffffffffffffffff1673ffffffffffffffffffffffffffffffffffffffff168152602001908152602001600020540110156109fd57600080fd5b600760008573ffffffffffffffffffffffffffffffffffffffff1673ffffffffffffffffffffffffffffffffffffffff16815260200190815260200160002060003373ffffffffffffffffffffffffffffffffffffffff1673ffffffffffffffffffffffffffffffffffffffff16815260200190815260200160002054821115610a8657600080fd5b81600660008673ffffffffffffffffffffffffffffffffffffffff1673ffffffffffffffffffffffffffffffffffffffff1681526020019081526020016000206000828254039250508190555081600660008573ffffffffffffffffffffffffffffffffffffffff1673ffffffffffffffffffffffffffffffffffffffff1681526020019081526020016000206000828254019250508190555081600760008673ffffffffffffffffffffffffffffffffffffffff1673ffffffffffffffffffffffffffffffffffffffff16815260200190815260200160002060003373ffffffffffffffffffffffffffffffffffffffff1673ffffffffffffffffffffffffffffffffffffffff168152602001908152602001600020600082825403925050819055508273ffffffffffffffffffffffffffffffffffffffff168473ffffffffffffffffffffffffffffffffffffffff167fddf252ad1be2c89b69c2b068fc378daa952ba7f163c4a11628f55a4df523b3ef846040518082815260200191505060405180910390a3600190509392505050565b600460009054906101000a900460ff1681565b600081600660003373ffffffffffffffffffffffffffffffffffffffff1673ffffffffffffffffffffffffffffffffffffffff168152602001908152602001600020541015610c7b57600080fd5b81600660003373ffffffffffffffffffffffffffffffffffffffff1673ffffffffffffffffffffffffffffffffffffffff16815260200190815260200160002060008282540392505081905550816005600082825403925050819055503373ffffffffffffffffffffffffffffffffffffffff167fcc16f5dbb4873280815c1ee09dbd06736cffcc184412cf7a71a0fdb75d397ca5836040518082815260200191505060405180910390a260019050919050565b60018054600181600116156101000203166002900480601f016020809104026020016040519081016040528092919081815260200182805460018160011615610100020316600290048015610dc55780601f10610d9a57610100808354040283529160200191610dc5565b820191906000526020600020905b815481529060010190602001808311610da857829003601f168201915b505050505081565b600115156000803373ffffffffffffffffffffffffffffffffffffffff1673ffffffffffffffffffffffffffffffffffffffff16815260200190815260200160002060009054906101000a900460ff161515141515610e2b57600080fd5b60016000808373ffffffffffffffffffffffffffffffffffffffff1673ffffffffffffffffffffffffffffffffffffffff16815260200190815260200160002060006101000a81548160ff02191690831515021790555050565b60066020528060005260406000206000915090505481565b600081600660008573ffffffffffffffffffffffffffffffffffffffff1673ffffffffffffffffffffffffffffffffffffffff168152602001908152602001600020541015610eeb57600080fd5b600760008473ffffffffffffffffffffffffffffffffffffffff1673ffffffffffffffffffffffffffffffffffffffff16815260200190815260200160002060003373ffffffffffffffffffffffffffffffffffffffff1673ffffffffffffffffffffffffffffffffffffffff16815260200190815260200160002054821115610f7457600080fd5b81600660008573ffffffffffffffffffffffffffffffffffffffff1673ffffffffffffffffffffffffffffffffffffffff16815260200190815260200160002060008282540392505081905550816005600082825403925050819055508273ffffffffffffffffffffffffffffffffffffffff167fcc16f5dbb4873280815c1ee09dbd06736cffcc184412cf7a71a0fdb75d397ca5836040518082815260200191505060405180910390a26001905092915050565b60038054600181600116156101000203166002900480601f0160208091040260200160405190810160405280929190818152602001828054600181600116156101000203166002900480156110bf5780601f10611094576101008083540402835291602001916110bf565b820191906000526020600020905b8154815290600101906020018083116110a257829003601f168201915b505050505081565b600080600115156000803373ffffffffffffffffffffffffffffffffffffffff1673ffffffffffffffffffffffffffffffffffffffff16815260200190815260200160002060009054906101000a900460ff16151514151561112857600080fd5b600460009054906101000a900460ff1660ff16600a0a83029050600660003373ffffffffffffffffffffffffffffffffffffffff1673ffffffffffffffffffffffffffffffffffffffff1681526020019081526020016000205481600660003373ffffffffffffffffffffffffffffffffffffffff1673ffffffffffffffffffffffffffffffffffffffff168152602001908152602001600020540110156111cf57600080fd5b80600660003373ffffffffffffffffffffffffffffffffffffffff1673ffffffffffffffffffffffffffffffffffffffff16815260200190815260200160002060008282540192505081905550806005600082825401925050819055503373ffffffffffffffffffffffffffffffffffffffff163073ffffffffffffffffffffffffffffffffffffffff167fddf252ad1be2c89b69c2b068fc378daa952ba7f163c4a11628f55a4df523b3ef836040518082815260200191505060405180910390a36001915050919050565b60008273ffffffffffffffffffffffffffffffffffffffff1614156112bf57600080fd5b80600660003373ffffffffffffffffffffffffffffffffffffffff1673ffffffffffffffffffffffffffffffffffffffff16815260200190815260200160002054101561130b57600080fd5b600660008373ffffffffffffffffffffffffffffffffffffffff1673ffffffffffffffffffffffffffffffffffffffff1681526020019081526020016000205481600660008573ffffffffffffffffffffffffffffffffffffffff1673ffffffffffffffffffffffffffffffffffffffff1681526020019081526020016000205401101561139857600080fd5b80600660003373ffffffffffffffffffffffffffffffffffffffff1673ffffffffffffffffffffffffffffffffffffffff1681526020019081526020016000206000828254039250508190555080600660008473ffffffffffffffffffffffffffffffffffffffff1673ffffffffffffffffffffffffffffffffffffffff168152602001908152602001600020600082825401925050819055508173ffffffffffffffffffffffffffffffffffffffff163373ffffffffffffffffffffffffffffffffffffffff167fddf252ad1be2c89b69c2b068fc378daa952ba7f163c4a11628f55a4df523b3ef836040518082815260200191505060405180910390a35050565b6000808490506114ab85856107b4565b1561160c578073ffffffffffffffffffffffffffffffffffffffff16638f4ffcb1338630876040518563ffffffff167c0100000000000000000000000000000000000000000000000000000000028152600401808573ffffffffffffffffffffffffffffffffffffffff1673ffffffffffffffffffffffffffffffffffffffff1681526020018481526020018373ffffffffffffffffffffffffffffffffffffffff1673ffffffffffffffffffffffffffffffffffffffff16815260200180602001828103825283818151815260200191508051906020019080838360005b838110156115a557808201518184015260208101905061158a565b50505050905090810190601f1680156115d25780820380516001836020036101000a031916815260200191505b5095505050505050600060405180830381600087803b15156115f357600080fd5b5af1151561160057600080fd5b5050506001915061160d565b5b509392505050565b60076020528160005260406000206020528060005260406000206000915091505054815600a165627a7a72305820af76f8be7715b2bf29be6a507df2fc592a95cafff3bfd52f179c689b724688b70029",
    "gasEstimates": Object {
      "creation": Array [
        null,
        1146800,
      ],
      "external": Object {
        "addOwner(address)": 21091,
        "allowance(address,address)": 949,
        "approve(address,uint256)": 20514,
        "approveAndCall(address,uint256,bytes)": null,
        "balanceOf(address)": 722,
        "burn(uint256)": 42713,
        "burnFrom(address,uint256)": 43241,
        "decimals()": 566,
        "mint(uint256)": 45765,
        "name()": null,
        "owners(address)": 539,
        "removeOwner(address)": 20959,
        "standard()": null,
        "symbol()": null,
        "totalSupply()": 474,
        "transfer(address,uint256)": 43939,
        "transferFrom(address,address,uint256)": 64671,
      },
      "internal": Object {},
    },
  },
  "Owned": Object {
    "abi": Array [
      Object {
        "constant": true,
        "inputs": Array [
          Object {
            "name": "",
            "type": "address",
          },
        ],
        "name": "owners",
        "outputs": Array [
          Object {
            "name": "",
            "type": "bool",
          },
        ],
        "payable": false,
        "stateMutability": "view",
        "type": "function",
      },
      Object {
        "constant": false,
        "inputs": Array [
          Object {
            "name": "ownerToRemove",
            "type": "address",
          },
        ],
        "name": "removeOwner",
        "outputs": Array [],
        "payable": false,
        "stateMutability": "nonpayable",
        "type": "function",
      },
      Object {
        "constant": false,
        "inputs": Array [
          Object {
            "name": "ownerToAdd",
            "type": "address",
          },
        ],
        "name": "addOwner",
        "outputs": Array [],
        "payable": false,
        "stateMutability": "nonpayable",
        "type": "function",
      },
      Object {
        "inputs": Array [],
        "payable": false,
        "stateMutability": "nonpayable",
        "type": "constructor",
      },
    ],
    "data": "6060604052341561000f57600080fd5b60016000803373ffffffffffffffffffffffffffffffffffffffff1673ffffffffffffffffffffffffffffffffffffffff16815260200190815260200160002060006101000a81548160ff0219169083151502179055506102db806100756000396000f300606060405260043610610057576000357c0100000000000000000000000000000000000000000000000000000000900463ffffffff168063022914a71461005c578063173825d9146100ad5780637065cb48146100e6575b600080fd5b341561006757600080fd5b610093600480803573ffffffffffffffffffffffffffffffffffffffff1690602001909190505061011f565b604051808215151515815260200191505060405180910390f35b34156100b857600080fd5b6100e4600480803573ffffffffffffffffffffffffffffffffffffffff1690602001909190505061013f565b005b34156100f157600080fd5b61011d600480803573ffffffffffffffffffffffffffffffffffffffff169060200190919050506101f7565b005b60006020528060005260406000206000915054906101000a900460ff1681565b600115156000803373ffffffffffffffffffffffffffffffffffffffff1673ffffffffffffffffffffffffffffffffffffffff16815260200190815260200160002060009054906101000a900460ff16151514151561019d57600080fd5b60008060008373ffffffffffffffffffffffffffffffffffffffff1673ffffffffffffffffffffffffffffffffffffffff16815260200190815260200160002060006101000a81548160ff02191690831515021790555050565b600115156000803373ffffffffffffffffffffffffffffffffffffffff1673ffffffffffffffffffffffffffffffffffffffff16815260200190815260200160002060009054906101000a900460ff16151514151561025557600080fd5b60016000808373ffffffffffffffffffffffffffffffffffffffff1673ffffffffffffffffffffffffffffffffffffffff16815260200190815260200160002060006101000a81548160ff021916908315150217905550505600a165627a7a72305820c7ef614e56f7ca03f706bf6cffa887a1d138607f0590d9bdcf7abc6235a9aa0b0029",
    "gasEstimates": Object {
      "creation": Array [
        20541,
        146200,
      ],
      "external": Object {
        "addOwner(address)": 20937,
        "owners(address)": 539,
        "removeOwner(address)": 20915,
      },
      "internal": Object {},
    },
  },
  "TokenRecipient": Object {
    "abi": Array [
      Object {
        "constant": false,
        "inputs": Array [
          Object {
            "name": "_from",
            "type": "address",
          },
          Object {
            "name": "_value",
            "type": "uint256",
          },
          Object {
            "name": "_token",
            "type": "address",
          },
          Object {
            "name": "_extraData",
            "type": "bytes",
          },
        ],
        "name": "receiveApproval",
        "outputs": Array [],
        "payable": false,
        "stateMutability": "nonpayable",
        "type": "function",
      },
    ],
    "data": "",
    "gasEstimates": Object {
      "creation": Object {},
      "external": Object {},
      "internal": Object {},
    },
  },
}
`;
