// Jest Snapshot v1, https://goo.gl/fbAQLP

exports[`loader compiles a basic solidity contract using the loader 1`] = `"module.exports = {\\"SimpleStorage\\":{\\"abi\\":[{\\"constant\\":false,\\"inputs\\":[{\\"name\\":\\"x\\",\\"type\\":\\"uint256\\"}],\\"name\\":\\"set\\",\\"outputs\\":[],\\"payable\\":false,\\"stateMutability\\":\\"nonpayable\\",\\"type\\":\\"function\\"},{\\"constant\\":true,\\"inputs\\":[],\\"name\\":\\"get\\",\\"outputs\\":[{\\"name\\":\\"data\\",\\"type\\":\\"uint256\\"}],\\"payable\\":false,\\"stateMutability\\":\\"view\\",\\"type\\":\\"function\\"}],\\"gasEstimates\\":{\\"creation\\":[88,42200],\\"external\\":{\\"get()\\":416,\\"set(uint256)\\":20178},\\"internal\\":{}},\\"data\\":\\"6060604052341561000f57600080fd5b60d38061001d6000396000f3006060604052600436106049576000357c0100000000000000000000000000000000000000000000000000000000900463ffffffff16806360fe47b114604e5780636d4ce63c14606e575b600080fd5b3415605857600080fd5b606c60048080359060200190919050506094565b005b3415607857600080fd5b607e609e565b6040518082815260200191505060405180910390f35b8060008190555050565b600080549050905600a165627a7a7230582088c9d64f08883aea1a743d3be220e8ffe8c0a735fb602bf0c075d6371d18b1bc0029\\"}}"`;

exports[`loader compiles a solidity contract with deep imports using the loader 1`] = `"module.exports = {\\"Branch\\":{\\"abi\\":[],\\"gasEstimates\\":{\\"creation\\":[61,10600],\\"external\\":{},\\"internal\\":{}},\\"data\\":\\"60606040523415600e57600080fd5b603580601b6000396000f3006060604052600080fd00a165627a7a723058205c565fbf4c648c2e48b045d4cf58e3c1c449cfea4ce493bc2361c0ff05e3d8d40029\\"},\\"Leaf\\":{\\"abi\\":[],\\"gasEstimates\\":{\\"creation\\":[61,10600],\\"external\\":{},\\"internal\\":{}},\\"data\\":\\"60606040523415600e57600080fd5b603580601b6000396000f3006060604052600080fd00a165627a7a723058204ff27d28df808394681a4fe797b0c15757d09fb72c0ed6c95291c1d7e6f297870029\\"}}"`;

exports[`loader compiles a solidity contract with imports using the loader 1`] = `"module.exports = {\\"ExchangeOffice\\":{\\"abi\\":[{\\"constant\\":true,\\"inputs\\":[{\\"name\\":\\"\\",\\"type\\":\\"address\\"}],\\"name\\":\\"owners\\",\\"outputs\\":[{\\"name\\":\\"\\",\\"type\\":\\"bool\\"}],\\"payable\\":false,\\"stateMutability\\":\\"view\\",\\"type\\":\\"function\\"},{\\"constant\\":false,\\"inputs\\":[{\\"name\\":\\"ownerToRemove\\",\\"type\\":\\"address\\"}],\\"name\\":\\"removeOwner\\",\\"outputs\\":[],\\"payable\\":false,\\"stateMutability\\":\\"nonpayable\\",\\"type\\":\\"function\\"},{\\"constant\\":true,\\"inputs\\":[],\\"name\\":\\"exchangeRate\\",\\"outputs\\":[{\\"name\\":\\"\\",\\"type\\":\\"uint256\\"}],\\"payable\\":false,\\"stateMutability\\":\\"view\\",\\"type\\":\\"function\\"},{\\"constant\\":false,\\"inputs\\":[{\\"name\\":\\"depositAddress\\",\\"type\\":\\"address\\"}],\\"name\\":\\"depositTokens\\",\\"outputs\\":[],\\"payable\\":false,\\"stateMutability\\":\\"nonpayable\\",\\"type\\":\\"function\\"},{\\"constant\\":false,\\"inputs\\":[{\\"name\\":\\"ownerToAdd\\",\\"type\\":\\"address\\"}],\\"name\\":\\"addOwner\\",\\"outputs\\":[],\\"payable\\":false,\\"stateMutability\\":\\"nonpayable\\",\\"type\\":\\"function\\"},{\\"constant\\":true,\\"inputs\\":[],\\"name\\":\\"exchangeToken\\",\\"outputs\\":[{\\"name\\":\\"\\",\\"type\\":\\"address\\"}],\\"payable\\":false,\\"stateMutability\\":\\"view\\",\\"type\\":\\"function\\"},{\\"constant\\":false,\\"inputs\\":[{\\"name\\":\\"_exchangeRate\\",\\"type\\":\\"uint256\\"}],\\"name\\":\\"updateExchangeRate\\",\\"outputs\\":[{\\"name\\":\\"success\\",\\"type\\":\\"bool\\"}],\\"payable\\":false,\\"stateMutability\\":\\"nonpayable\\",\\"type\\":\\"function\\"},{\\"constant\\":false,\\"inputs\\":[{\\"name\\":\\"depositAddress\\",\\"type\\":\\"address\\"}],\\"name\\":\\"depositEthers\\",\\"outputs\\":[],\\"payable\\":false,\\"stateMutability\\":\\"nonpayable\\",\\"type\\":\\"function\\"},{\\"inputs\\":[{\\"name\\":\\"initialExchangeRate\\",\\"type\\":\\"uint256\\"},{\\"name\\":\\"addressOfExchangeToken\\",\\"type\\":\\"address\\"}],\\"payable\\":false,\\"stateMutability\\":\\"nonpayable\\",\\"type\\":\\"constructor\\"},{\\"payable\\":true,\\"stateMutability\\":\\"payable\\",\\"type\\":\\"fallback\\"}],\\"gasEstimates\\":{\\"creation\\":[61204,440600],\\"external\\":{\\"\\":null,\\"addOwner(address)\\":null,\\"depositEthers(address)\\":null,\\"depositTokens(address)\\":null,\\"exchangeRate()\\":null,\\"exchangeToken()\\":null,\\"owners(address)\\":null,\\"removeOwner(address)\\":null,\\"updateExchangeRate(uint256)\\":null},\\"internal\\":{}},\\"data\\":\\"6060604052341561000f57600080fd5b60405160408061097f8339810160405280805190602001909190805190602001909190505060016000803373ffffffffffffffffffffffffffffffffffffffff1673ffffffffffffffffffffffffffffffffffffffff16815260200190815260200160002060006101000a81548160ff0219169083151502179055508160018190555080600260006101000a81548173ffffffffffffffffffffffffffffffffffffffff021916908373ffffffffffffffffffffffffffffffffffffffff160217905550505061089b806100e46000396000f30060606040526004361061008e576000357c0100000000000000000000000000000000000000000000000000000000900463ffffffff168063022914a714610185578063173825d9146101d65780633ba0b9a91461020f57806356bccf91146102385780637065cb4814610271578063a25eb5d9146102aa578063b9e205ae146102ff578063cc64e2d51461033a575b6000670de0b6b3a764000034600154028115156100a757fe5b049050600260009054906101000a900473ffffffffffffffffffffffffffffffffffffffff1673ffffffffffffffffffffffffffffffffffffffff1663a9059cbb33836040518363ffffffff167c0100000000000000000000000000000000000000000000000000000000028152600401808373ffffffffffffffffffffffffffffffffffffffff1673ffffffffffffffffffffffffffffffffffffffff16815260200182815260200192505050600060405180830381600087803b151561016e57600080fd5b6102c65a03f1151561017f57600080fd5b50505050005b341561019057600080fd5b6101bc600480803573ffffffffffffffffffffffffffffffffffffffff16906020019091905050610373565b604051808215151515815260200191505060405180910390f35b34156101e157600080fd5b61020d600480803573ffffffffffffffffffffffffffffffffffffffff16906020019091905050610393565b005b341561021a57600080fd5b61022261044b565b6040518082815260200191505060405180910390f35b341561024357600080fd5b61026f600480803573ffffffffffffffffffffffffffffffffffffffff16906020019091905050610451565b005b341561027c57600080fd5b6102a8600480803573ffffffffffffffffffffffffffffffffffffffff16906020019091905050610669565b005b34156102b557600080fd5b6102bd610721565b604051808273ffffffffffffffffffffffffffffffffffffffff1673ffffffffffffffffffffffffffffffffffffffff16815260200191505060405180910390f35b341561030a57600080fd5b6103206004808035906020019091905050610747565b604051808215151515815260200191505060405180910390f35b341561034557600080fd5b610371600480803573ffffffffffffffffffffffffffffffffffffffff169060200190919050506107b7565b005b60006020528060005260406000206000915054906101000a900460ff1681565b600115156000803373ffffffffffffffffffffffffffffffffffffffff1673ffffffffffffffffffffffffffffffffffffffff16815260200190815260200160002060009054906101000a900460ff1615151415156103f157600080fd5b60008060008373ffffffffffffffffffffffffffffffffffffffff1673ffffffffffffffffffffffffffffffffffffffff16815260200190815260200160002060006101000a81548160ff02191690831515021790555050565b60015481565b600115156000803373ffffffffffffffffffffffffffffffffffffffff1673ffffffffffffffffffffffffffffffffffffffff16815260200190815260200160002060009054906101000a900460ff1615151415156104af57600080fd5b600260009054906101000a900473ffffffffffffffffffffffffffffffffffffffff1673ffffffffffffffffffffffffffffffffffffffff1663a9059cbb82600260009054906101000a900473ffffffffffffffffffffffffffffffffffffffff1673ffffffffffffffffffffffffffffffffffffffff166370a08231306000604051602001526040518263ffffffff167c0100000000000000000000000000000000000000000000000000000000028152600401808273ffffffffffffffffffffffffffffffffffffffff1673ffffffffffffffffffffffffffffffffffffffff168152602001915050602060405180830381600087803b15156105b357600080fd5b6102c65a03f115156105c457600080fd5b505050604051805190506040518363ffffffff167c0100000000000000000000000000000000000000000000000000000000028152600401808373ffffffffffffffffffffffffffffffffffffffff1673ffffffffffffffffffffffffffffffffffffffff16815260200182815260200192505050600060405180830381600087803b151561065257600080fd5b6102c65a03f1151561066357600080fd5b50505050565b600115156000803373ffffffffffffffffffffffffffffffffffffffff1673ffffffffffffffffffffffffffffffffffffffff16815260200190815260200160002060009054906101000a900460ff1615151415156106c757600080fd5b60016000808373ffffffffffffffffffffffffffffffffffffffff1673ffffffffffffffffffffffffffffffffffffffff16815260200190815260200160002060006101000a81548160ff02191690831515021790555050565b600260009054906101000a900473ffffffffffffffffffffffffffffffffffffffff1681565b6000600115156000803373ffffffffffffffffffffffffffffffffffffffff1673ffffffffffffffffffffffffffffffffffffffff16815260200190815260200160002060009054906101000a900460ff1615151415156107a757600080fd5b8160018190555060019050919050565b600115156000803373ffffffffffffffffffffffffffffffffffffffff1673ffffffffffffffffffffffffffffffffffffffff16815260200190815260200160002060009054906101000a900460ff16151514151561081557600080fd5b8073ffffffffffffffffffffffffffffffffffffffff166108fc3073ffffffffffffffffffffffffffffffffffffffff16319081150290604051600060405180830381858888f19350505050151561086c57600080fd5b505600a165627a7a7230582034f48239b0c6b23515853c0b3017f127da3db1c7cac3d1e83a75ee42f7f69b850029\\"},\\"HandsOnToken\\":{\\"abi\\":[{\\"constant\\":true,\\"inputs\\":[{\\"name\\":\\"\\",\\"type\\":\\"address\\"}],\\"name\\":\\"owners\\",\\"outputs\\":[{\\"name\\":\\"\\",\\"type\\":\\"bool\\"}],\\"payable\\":false,\\"stateMutability\\":\\"view\\",\\"type\\":\\"function\\"},{\\"constant\\":true,\\"inputs\\":[],\\"name\\":\\"name\\",\\"outputs\\":[{\\"name\\":\\"\\",\\"type\\":\\"string\\"}],\\"payable\\":false,\\"stateMutability\\":\\"view\\",\\"type\\":\\"function\\"},{\\"constant\\":false,\\"inputs\\":[{\\"name\\":\\"_spender\\",\\"type\\":\\"address\\"},{\\"name\\":\\"_value\\",\\"type\\":\\"uint256\\"}],\\"name\\":\\"approve\\",\\"outputs\\":[{\\"name\\":\\"success\\",\\"type\\":\\"bool\\"}],\\"payable\\":false,\\"stateMutability\\":\\"nonpayable\\",\\"type\\":\\"function\\"},{\\"constant\\":false,\\"inputs\\":[{\\"name\\":\\"ownerToRemove\\",\\"type\\":\\"address\\"}],\\"name\\":\\"removeOwner\\",\\"outputs\\":[],\\"payable\\":false,\\"stateMutability\\":\\"nonpayable\\",\\"type\\":\\"function\\"},{\\"constant\\":true,\\"inputs\\":[],\\"name\\":\\"totalSupply\\",\\"outputs\\":[{\\"name\\":\\"\\",\\"type\\":\\"uint256\\"}],\\"payable\\":false,\\"stateMutability\\":\\"view\\",\\"type\\":\\"function\\"},{\\"constant\\":false,\\"inputs\\":[{\\"name\\":\\"_from\\",\\"type\\":\\"address\\"},{\\"name\\":\\"_to\\",\\"type\\":\\"address\\"},{\\"name\\":\\"_value\\",\\"type\\":\\"uint256\\"}],\\"name\\":\\"transferFrom\\",\\"outputs\\":[{\\"name\\":\\"success\\",\\"type\\":\\"bool\\"}],\\"payable\\":false,\\"stateMutability\\":\\"nonpayable\\",\\"type\\":\\"function\\"},{\\"constant\\":true,\\"inputs\\":[],\\"name\\":\\"decimals\\",\\"outputs\\":[{\\"name\\":\\"\\",\\"type\\":\\"uint8\\"}],\\"payable\\":false,\\"stateMutability\\":\\"view\\",\\"type\\":\\"function\\"},{\\"constant\\":false,\\"inputs\\":[{\\"name\\":\\"_value\\",\\"type\\":\\"uint256\\"}],\\"name\\":\\"burn\\",\\"outputs\\":[{\\"name\\":\\"success\\",\\"type\\":\\"bool\\"}],\\"payable\\":false,\\"stateMutability\\":\\"nonpayable\\",\\"type\\":\\"function\\"},{\\"constant\\":true,\\"inputs\\":[],\\"name\\":\\"standard\\",\\"outputs\\":[{\\"name\\":\\"\\",\\"type\\":\\"string\\"}],\\"payable\\":false,\\"stateMutability\\":\\"view\\",\\"type\\":\\"function\\"},{\\"constant\\":false,\\"inputs\\":[{\\"name\\":\\"ownerToAdd\\",\\"type\\":\\"address\\"}],\\"name\\":\\"addOwner\\",\\"outputs\\":[],\\"payable\\":false,\\"stateMutability\\":\\"nonpayable\\",\\"type\\":\\"function\\"},{\\"constant\\":true,\\"inputs\\":[{\\"name\\":\\"\\",\\"type\\":\\"address\\"}],\\"name\\":\\"balanceOf\\",\\"outputs\\":[{\\"name\\":\\"\\",\\"type\\":\\"uint256\\"}],\\"payable\\":false,\\"stateMutability\\":\\"view\\",\\"type\\":\\"function\\"},{\\"constant\\":false,\\"inputs\\":[{\\"name\\":\\"_from\\",\\"type\\":\\"address\\"},{\\"name\\":\\"_value\\",\\"type\\":\\"uint256\\"}],\\"name\\":\\"burnFrom\\",\\"outputs\\":[{\\"name\\":\\"success\\",\\"type\\":\\"bool\\"}],\\"payable\\":false,\\"stateMutability\\":\\"nonpayable\\",\\"type\\":\\"function\\"},{\\"constant\\":true,\\"inputs\\":[],\\"name\\":\\"symbol\\",\\"outputs\\":[{\\"name\\":\\"\\",\\"type\\":\\"string\\"}],\\"payable\\":false,\\"stateMutability\\":\\"view\\",\\"type\\":\\"function\\"},{\\"constant\\":false,\\"inputs\\":[{\\"name\\":\\"_value\\",\\"type\\":\\"uint256\\"}],\\"name\\":\\"mint\\",\\"outputs\\":[{\\"name\\":\\"success\\",\\"type\\":\\"bool\\"}],\\"payable\\":false,\\"stateMutability\\":\\"nonpayable\\",\\"type\\":\\"function\\"},{\\"constant\\":false,\\"inputs\\":[{\\"name\\":\\"_to\\",\\"type\\":\\"address\\"},{\\"name\\":\\"_value\\",\\"type\\":\\"uint256\\"}],\\"name\\":\\"transfer\\",\\"outputs\\":[],\\"payable\\":false,\\"stateMutability\\":\\"nonpayable\\",\\"type\\":\\"function\\"},{\\"constant\\":false,\\"inputs\\":[{\\"name\\":\\"_spender\\",\\"type\\":\\"address\\"},{\\"name\\":\\"_value\\",\\"type\\":\\"uint256\\"},{\\"name\\":\\"_extraData\\",\\"type\\":\\"bytes\\"}],\\"name\\":\\"approveAndCall\\",\\"outputs\\":[{\\"name\\":\\"success\\",\\"type\\":\\"bool\\"}],\\"payable\\":false,\\"stateMutability\\":\\"nonpayable\\",\\"type\\":\\"function\\"},{\\"constant\\":true,\\"inputs\\":[{\\"name\\":\\"\\",\\"type\\":\\"address\\"},{\\"name\\":\\"\\",\\"type\\":\\"address\\"}],\\"name\\":\\"allowance\\",\\"outputs\\":[{\\"name\\":\\"\\",\\"type\\":\\"uint256\\"}],\\"payable\\":false,\\"stateMutability\\":\\"view\\",\\"type\\":\\"function\\"},{\\"inputs\\":[{\\"name\\":\\"initialSupply\\",\\"type\\":\\"uint256\\"},{\\"name\\":\\"tokenName\\",\\"type\\":\\"string\\"},{\\"name\\":\\"decimalUnits\\",\\"type\\":\\"uint8\\"},{\\"name\\":\\"tokenSymbol\\",\\"type\\":\\"string\\"}],\\"payable\\":false,\\"stateMutability\\":\\"nonpayable\\",\\"type\\":\\"constructor\\"},{\\"anonymous\\":false,\\"inputs\\":[{\\"indexed\\":true,\\"name\\":\\"from\\",\\"type\\":\\"address\\"},{\\"indexed\\":true,\\"name\\":\\"to\\",\\"type\\":\\"address\\"},{\\"indexed\\":false,\\"name\\":\\"value\\",\\"type\\":\\"uint256\\"}],\\"name\\":\\"Transfer\\",\\"type\\":\\"event\\"},{\\"anonymous\\":false,\\"inputs\\":[{\\"indexed\\":true,\\"name\\":\\"from\\",\\"type\\":\\"address\\"},{\\"indexed\\":false,\\"name\\":\\"value\\",\\"type\\":\\"uint256\\"}],\\"name\\":\\"Burn\\",\\"type\\":\\"event\\"}],\\"gasEstimates\\":{\\"creation\\":[null,1147600],\\"external\\":{\\"addOwner(address)\\":21091,\\"allowance(address,address)\\":949,\\"approve(address,uint256)\\":20514,\\"approveAndCall(address,uint256,bytes)\\":null,\\"balanceOf(address)\\":722,\\"burn(uint256)\\":42713,\\"burnFrom(address,uint256)\\":43241,\\"decimals()\\":566,\\"mint(uint256)\\":45765,\\"name()\\":null,\\"owners(address)\\":539,\\"removeOwner(address)\\":20959,\\"standard()\\":null,\\"symbol()\\":null,\\"totalSupply()\\":474,\\"transfer(address,uint256)\\":43939,\\"transferFrom(address,address,uint256)\\":64671},\\"internal\\":{}},\\"data\\":\\"60606040526040805190810160405280600981526020017f546f6b656e20302e310000000000000000000000000000000000000000000000815250600190805190602001906200005192919062000198565b5034156200005e57600080fd5b604051620018c1380380620018c18339810160405280805190602001909190805182019190602001805190602001909190805182019190505060016000803373ffffffffffffffffffffffffffffffffffffffff1673ffffffffffffffffffffffffffffffffffffffff16815260200190815260200160002060006101000a81548160ff0219169083151502179055508160ff16600a0a8402600660003373ffffffffffffffffffffffffffffffffffffffff1673ffffffffffffffffffffffffffffffffffffffff168152602001908152602001600020819055508360058190555082600290805190602001906200015992919062000198565b5080600390805190602001906200017292919062000198565b5081600460006101000a81548160ff021916908360ff1602179055505050505062000247565b828054600181600116156101000203166002900490600052602060002090601f016020900481019282601f10620001db57805160ff19168380011785556200020c565b828001600101855582156200020c579182015b828111156200020b578251825591602001919060010190620001ee565b5b5090506200021b91906200021f565b5090565b6200024491905b808211156200024057600081600090555060010162000226565b5090565b90565b61166a80620002576000396000f3006060604052600436106100f1576000357c0100000000000000000000000000000000000000000000000000000000900463ffffffff168063022914a7146100f657806306fdde0314610147578063095ea7b3146101d5578063173825d91461022f57806318160ddd1461026857806323b872dd14610291578063313ce5671461030a57806342966c68146103395780635a3b7e42146103745780637065cb481461040257806370a082311461043b57806379cc67901461048857806395d89b41146104e2578063a0712d6814610570578063a9059cbb146105ab578063cae9ca51146105ed578063dd62ed3e1461068a575b600080fd5b341561010157600080fd5b61012d600480803573ffffffffffffffffffffffffffffffffffffffff169060200190919050506106f6565b604051808215151515815260200191505060405180910390f35b341561015257600080fd5b61015a610716565b6040518080602001828103825283818151815260200191508051906020019080838360005b8381101561019a57808201518184015260208101905061017f565b50505050905090810190601f1680156101c75780820380516001836020036101000a031916815260200191505b509250505060405180910390f35b34156101e057600080fd5b610215600480803573ffffffffffffffffffffffffffffffffffffffff169060200190919080359060200190919050506107b4565b604051808215151515815260200191505060405180910390f35b341561023a57600080fd5b610266600480803573ffffffffffffffffffffffffffffffffffffffff16906020019091905050610841565b005b341561027357600080fd5b61027b6108f9565b6040518082815260200191505060405180910390f35b341561029c57600080fd5b6102f0600480803573ffffffffffffffffffffffffffffffffffffffff1690602001909190803573ffffffffffffffffffffffffffffffffffffffff169060200190919080359060200190919050506108ff565b604051808215151515815260200191505060405180910390f35b341561031557600080fd5b61031d610c1a565b604051808260ff1660ff16815260200191505060405180910390f35b341561034457600080fd5b61035a6004808035906020019091905050610c2d565b604051808215151515815260200191505060405180910390f35b341561037f57600080fd5b610387610d2f565b6040518080602001828103825283818151815260200191508051906020019080838360005b838110156103c75780820151818401526020810190506103ac565b50505050905090810190601f1680156103f45780820380516001836020036101000a031916815260200191505b509250505060405180910390f35b341561040d57600080fd5b610439600480803573ffffffffffffffffffffffffffffffffffffffff16906020019091905050610dcd565b005b341561044657600080fd5b610472600480803573ffffffffffffffffffffffffffffffffffffffff16906020019091905050610e85565b6040518082815260200191505060405180910390f35b341561049357600080fd5b6104c8600480803573ffffffffffffffffffffffffffffffffffffffff16906020019091908035906020019091905050610e9d565b604051808215151515815260200191505060405180910390f35b34156104ed57600080fd5b6104f5611029565b6040518080602001828103825283818151815260200191508051906020019080838360005b8381101561053557808201518184015260208101905061051a565b50505050905090810190601f1680156105625780820380516001836020036101000a031916815260200191505b509250505060405180910390f35b341561057b57600080fd5b61059160048080359060200190919050506110c7565b604051808215151515815260200191505060405180910390f35b34156105b657600080fd5b6105eb600480803573ffffffffffffffffffffffffffffffffffffffff1690602001909190803590602001909190505061129b565b005b34156105f857600080fd5b610670600480803573ffffffffffffffffffffffffffffffffffffffff1690602001909190803590602001909190803590602001908201803590602001908080601f0160208091040260200160405190810160405280939291908181526020018383808284378201915050505050509190505061149b565b604051808215151515815260200191505060405180910390f35b341561069557600080fd5b6106e0600480803573ffffffffffffffffffffffffffffffffffffffff1690602001909190803573ffffffffffffffffffffffffffffffffffffffff16906020019091905050611619565b6040518082815260200191505060405180910390f35b60006020528060005260406000206000915054906101000a900460ff1681565b60028054600181600116156101000203166002900480601f0160208091040260200160405190810160405280929190818152602001828054600181600116156101000203166002900480156107ac5780601f10610781576101008083540402835291602001916107ac565b820191906000526020600020905b81548152906001019060200180831161078f57829003601f168201915b505050505081565b600081600760003373ffffffffffffffffffffffffffffffffffffffff1673ffffffffffffffffffffffffffffffffffffffff16815260200190815260200160002060008573ffffffffffffffffffffffffffffffffffffffff1673ffffffffffffffffffffffffffffffffffffffff168152602001908152602001600020819055506001905092915050565b600115156000803373ffffffffffffffffffffffffffffffffffffffff1673ffffffffffffffffffffffffffffffffffffffff16815260200190815260200160002060009054906101000a900460ff16151514151561089f57600080fd5b60008060008373ffffffffffffffffffffffffffffffffffffffff1673ffffffffffffffffffffffffffffffffffffffff16815260200190815260200160002060006101000a81548160ff02191690831515021790555050565b60055481565b6000808373ffffffffffffffffffffffffffffffffffffffff16141561092457600080fd5b81600660008673ffffffffffffffffffffffffffffffffffffffff1673ffffffffffffffffffffffffffffffffffffffff16815260200190815260200160002054101561097057600080fd5b600660008473ffffffffffffffffffffffffffffffffffffffff1673ffffffffffffffffffffffffffffffffffffffff1681526020019081526020016000205482600660008673ffffffffffffffffffffffffffffffffffffffff1673ffffffffffffffffffffffffffffffffffffffff168152602001908152602001600020540110156109fd57600080fd5b600760008573ffffffffffffffffffffffffffffffffffffffff1673ffffffffffffffffffffffffffffffffffffffff16815260200190815260200160002060003373ffffffffffffffffffffffffffffffffffffffff1673ffffffffffffffffffffffffffffffffffffffff16815260200190815260200160002054821115610a8657600080fd5b81600660008673ffffffffffffffffffffffffffffffffffffffff1673ffffffffffffffffffffffffffffffffffffffff1681526020019081526020016000206000828254039250508190555081600660008573ffffffffffffffffffffffffffffffffffffffff1673ffffffffffffffffffffffffffffffffffffffff1681526020019081526020016000206000828254019250508190555081600760008673ffffffffffffffffffffffffffffffffffffffff1673ffffffffffffffffffffffffffffffffffffffff16815260200190815260200160002060003373ffffffffffffffffffffffffffffffffffffffff1673ffffffffffffffffffffffffffffffffffffffff168152602001908152602001600020600082825403925050819055508273ffffffffffffffffffffffffffffffffffffffff168473ffffffffffffffffffffffffffffffffffffffff167fddf252ad1be2c89b69c2b068fc378daa952ba7f163c4a11628f55a4df523b3ef846040518082815260200191505060405180910390a3600190509392505050565b600460009054906101000a900460ff1681565b600081600660003373ffffffffffffffffffffffffffffffffffffffff1673ffffffffffffffffffffffffffffffffffffffff168152602001908152602001600020541015610c7b57600080fd5b81600660003373ffffffffffffffffffffffffffffffffffffffff1673ffffffffffffffffffffffffffffffffffffffff16815260200190815260200160002060008282540392505081905550816005600082825403925050819055503373ffffffffffffffffffffffffffffffffffffffff167fcc16f5dbb4873280815c1ee09dbd06736cffcc184412cf7a71a0fdb75d397ca5836040518082815260200191505060405180910390a260019050919050565b60018054600181600116156101000203166002900480601f016020809104026020016040519081016040528092919081815260200182805460018160011615610100020316600290048015610dc55780601f10610d9a57610100808354040283529160200191610dc5565b820191906000526020600020905b815481529060010190602001808311610da857829003601f168201915b505050505081565b600115156000803373ffffffffffffffffffffffffffffffffffffffff1673ffffffffffffffffffffffffffffffffffffffff16815260200190815260200160002060009054906101000a900460ff161515141515610e2b57600080fd5b60016000808373ffffffffffffffffffffffffffffffffffffffff1673ffffffffffffffffffffffffffffffffffffffff16815260200190815260200160002060006101000a81548160ff02191690831515021790555050565b60066020528060005260406000206000915090505481565b600081600660008573ffffffffffffffffffffffffffffffffffffffff1673ffffffffffffffffffffffffffffffffffffffff168152602001908152602001600020541015610eeb57600080fd5b600760008473ffffffffffffffffffffffffffffffffffffffff1673ffffffffffffffffffffffffffffffffffffffff16815260200190815260200160002060003373ffffffffffffffffffffffffffffffffffffffff1673ffffffffffffffffffffffffffffffffffffffff16815260200190815260200160002054821115610f7457600080fd5b81600660008573ffffffffffffffffffffffffffffffffffffffff1673ffffffffffffffffffffffffffffffffffffffff16815260200190815260200160002060008282540392505081905550816005600082825403925050819055508273ffffffffffffffffffffffffffffffffffffffff167fcc16f5dbb4873280815c1ee09dbd06736cffcc184412cf7a71a0fdb75d397ca5836040518082815260200191505060405180910390a26001905092915050565b60038054600181600116156101000203166002900480601f0160208091040260200160405190810160405280929190818152602001828054600181600116156101000203166002900480156110bf5780601f10611094576101008083540402835291602001916110bf565b820191906000526020600020905b8154815290600101906020018083116110a257829003601f168201915b505050505081565b600080600115156000803373ffffffffffffffffffffffffffffffffffffffff1673ffffffffffffffffffffffffffffffffffffffff16815260200190815260200160002060009054906101000a900460ff16151514151561112857600080fd5b600460009054906101000a900460ff1660ff16600a0a83029050600660003373ffffffffffffffffffffffffffffffffffffffff1673ffffffffffffffffffffffffffffffffffffffff1681526020019081526020016000205481600660003373ffffffffffffffffffffffffffffffffffffffff1673ffffffffffffffffffffffffffffffffffffffff168152602001908152602001600020540110156111cf57600080fd5b80600660003373ffffffffffffffffffffffffffffffffffffffff1673ffffffffffffffffffffffffffffffffffffffff16815260200190815260200160002060008282540192505081905550806005600082825401925050819055503373ffffffffffffffffffffffffffffffffffffffff163073ffffffffffffffffffffffffffffffffffffffff167fddf252ad1be2c89b69c2b068fc378daa952ba7f163c4a11628f55a4df523b3ef836040518082815260200191505060405180910390a36001915050919050565b60008273ffffffffffffffffffffffffffffffffffffffff1614156112bf57600080fd5b80600660003373ffffffffffffffffffffffffffffffffffffffff1673ffffffffffffffffffffffffffffffffffffffff16815260200190815260200160002054101561130b57600080fd5b600660008373ffffffffffffffffffffffffffffffffffffffff1673ffffffffffffffffffffffffffffffffffffffff1681526020019081526020016000205481600660008573ffffffffffffffffffffffffffffffffffffffff1673ffffffffffffffffffffffffffffffffffffffff1681526020019081526020016000205401101561139857600080fd5b80600660003373ffffffffffffffffffffffffffffffffffffffff1673ffffffffffffffffffffffffffffffffffffffff1681526020019081526020016000206000828254039250508190555080600660008473ffffffffffffffffffffffffffffffffffffffff1673ffffffffffffffffffffffffffffffffffffffff168152602001908152602001600020600082825401925050819055508173ffffffffffffffffffffffffffffffffffffffff163373ffffffffffffffffffffffffffffffffffffffff167fddf252ad1be2c89b69c2b068fc378daa952ba7f163c4a11628f55a4df523b3ef836040518082815260200191505060405180910390a35050565b6000808490506114ab85856107b4565b15611610578073ffffffffffffffffffffffffffffffffffffffff16638f4ffcb1338630876040518563ffffffff167c0100000000000000000000000000000000000000000000000000000000028152600401808573ffffffffffffffffffffffffffffffffffffffff1673ffffffffffffffffffffffffffffffffffffffff1681526020018481526020018373ffffffffffffffffffffffffffffffffffffffff1673ffffffffffffffffffffffffffffffffffffffff16815260200180602001828103825283818151815260200191508051906020019080838360005b838110156115a557808201518184015260208101905061158a565b50505050905090810190601f1680156115d25780820380516001836020036101000a031916815260200191505b5095505050505050600060405180830381600087803b15156115f357600080fd5b6102c65a03f1151561160457600080fd5b50505060019150611611565b5b509392505050565b60076020528160005260406000206020528060005260406000206000915091505054815600a165627a7a72305820835e22ce789bf26931e93e92ab1c83cbb418c627934e4b7333b513b09167a4470029\\"},\\"Owned\\":{\\"abi\\":[{\\"constant\\":true,\\"inputs\\":[{\\"name\\":\\"\\",\\"type\\":\\"address\\"}],\\"name\\":\\"owners\\",\\"outputs\\":[{\\"name\\":\\"\\",\\"type\\":\\"bool\\"}],\\"payable\\":false,\\"stateMutability\\":\\"view\\",\\"type\\":\\"function\\"},{\\"constant\\":false,\\"inputs\\":[{\\"name\\":\\"ownerToRemove\\",\\"type\\":\\"address\\"}],\\"name\\":\\"removeOwner\\",\\"outputs\\":[],\\"payable\\":false,\\"stateMutability\\":\\"nonpayable\\",\\"type\\":\\"function\\"},{\\"constant\\":false,\\"inputs\\":[{\\"name\\":\\"ownerToAdd\\",\\"type\\":\\"address\\"}],\\"name\\":\\"addOwner\\",\\"outputs\\":[],\\"payable\\":false,\\"stateMutability\\":\\"nonpayable\\",\\"type\\":\\"function\\"},{\\"inputs\\":[],\\"payable\\":false,\\"stateMutability\\":\\"nonpayable\\",\\"type\\":\\"constructor\\"}],\\"gasEstimates\\":{\\"creation\\":[20541,146200],\\"external\\":{\\"addOwner(address)\\":20937,\\"owners(address)\\":539,\\"removeOwner(address)\\":20915},\\"internal\\":{}},\\"data\\":\\"6060604052341561000f57600080fd5b60016000803373ffffffffffffffffffffffffffffffffffffffff1673ffffffffffffffffffffffffffffffffffffffff16815260200190815260200160002060006101000a81548160ff0219169083151502179055506102db806100756000396000f300606060405260043610610057576000357c0100000000000000000000000000000000000000000000000000000000900463ffffffff168063022914a71461005c578063173825d9146100ad5780637065cb48146100e6575b600080fd5b341561006757600080fd5b610093600480803573ffffffffffffffffffffffffffffffffffffffff1690602001909190505061011f565b604051808215151515815260200191505060405180910390f35b34156100b857600080fd5b6100e4600480803573ffffffffffffffffffffffffffffffffffffffff1690602001909190505061013f565b005b34156100f157600080fd5b61011d600480803573ffffffffffffffffffffffffffffffffffffffff169060200190919050506101f7565b005b60006020528060005260406000206000915054906101000a900460ff1681565b600115156000803373ffffffffffffffffffffffffffffffffffffffff1673ffffffffffffffffffffffffffffffffffffffff16815260200190815260200160002060009054906101000a900460ff16151514151561019d57600080fd5b60008060008373ffffffffffffffffffffffffffffffffffffffff1673ffffffffffffffffffffffffffffffffffffffff16815260200190815260200160002060006101000a81548160ff02191690831515021790555050565b600115156000803373ffffffffffffffffffffffffffffffffffffffff1673ffffffffffffffffffffffffffffffffffffffff16815260200190815260200160002060009054906101000a900460ff16151514151561025557600080fd5b60016000808373ffffffffffffffffffffffffffffffffffffffff1673ffffffffffffffffffffffffffffffffffffffff16815260200190815260200160002060006101000a81548160ff021916908315150217905550505600a165627a7a72305820bddf91401950ccef25787852046396523d236f80dab08ae399caecef2e7b96220029\\"},\\"TokenRecipient\\":{\\"abi\\":[{\\"constant\\":false,\\"inputs\\":[{\\"name\\":\\"_from\\",\\"type\\":\\"address\\"},{\\"name\\":\\"_value\\",\\"type\\":\\"uint256\\"},{\\"name\\":\\"_token\\",\\"type\\":\\"address\\"},{\\"name\\":\\"_extraData\\",\\"type\\":\\"bytes\\"}],\\"name\\":\\"receiveApproval\\",\\"outputs\\":[],\\"payable\\":false,\\"stateMutability\\":\\"nonpayable\\",\\"type\\":\\"function\\"}],\\"gasEstimates\\":{\\"creation\\":{},\\"external\\":{},\\"internal\\":{}},\\"data\\":\\"\\"}}"`;

exports[`loader loader handles includeData compileOption 1`] = `"module.exports = {\\"SimpleStorage\\":{\\"abi\\":[{\\"constant\\":false,\\"inputs\\":[{\\"name\\":\\"x\\",\\"type\\":\\"uint256\\"}],\\"name\\":\\"set\\",\\"outputs\\":[],\\"payable\\":false,\\"stateMutability\\":\\"nonpayable\\",\\"type\\":\\"function\\"},{\\"constant\\":true,\\"inputs\\":[],\\"name\\":\\"get\\",\\"outputs\\":[{\\"name\\":\\"data\\",\\"type\\":\\"uint256\\"}],\\"payable\\":false,\\"stateMutability\\":\\"view\\",\\"type\\":\\"function\\"}],\\"gasEstimates\\":{\\"creation\\":[88,42200],\\"external\\":{\\"get()\\":416,\\"set(uint256)\\":20178},\\"internal\\":{}},\\"data\\":\\"6060604052341561000f57600080fd5b60d38061001d6000396000f3006060604052600436106049576000357c0100000000000000000000000000000000000000000000000000000000900463ffffffff16806360fe47b114604e5780636d4ce63c14606e575b600080fd5b3415605857600080fd5b606c60048080359060200190919050506094565b005b3415607857600080fd5b607e609e565b6040518082815260200191505060405180910390f35b8060008190555050565b600080549050905600a165627a7a7230582088c9d64f08883aea1a743d3be220e8ffe8c0a735fb602bf0c075d6371d18b1bc0029\\"}}"`;
